// Jest Snapshot v1, https://goo.gl/fbAQLP

exports[`renders correctly 1`] = `
<div
  className="loginform"
>
  <form
    onSubmit={[Function]}
  >
    <h3>
      Log In
    </h3>
    <br />
    <label>
      Email
    </label>
    <input
      className="input"
      data-testid="test-input-email"
      name="email"
      onChange={[Function]}
      required={true}
      type="email"
      value=""
    />
    <br />
    <label>
      Password
    </label>
    <input
      className="input"
      data-testid="test-input-password"
      name="password"
      onChange={[Function]}
      required={true}
      type="password"
      value=""
    />
    <br />
    <input
      className="submit"
      data-testid="test-input-button"
      name="submit"
      type="submit"
      value="Login"
    />
  </form>
  <br />
  <div
    className="bottomnotes"
  >
    <p>
      By signing in you agree  to 
      <a
        className="terms"
        href="#"
      >
        terms & conditions
      </a>
      .
    </p>
    <hr />
    <p>
      Don't have an account?
      <a
        className="terms"
        href="#"
      >
         Click here to sign up.
      </a>
    </p>
  </div>
</div>
`;
